Microchip MPLAB XC8 Compiler V3.00

Linker command line:

-W-3 \
  --edf=C:\Program Files\Microchip\xc8\v3.00\pic\dat\20241204225717_en.msgs \
  -cn -h+dist/default/production\ECU_3.X.production.sym \
  --cmf=dist/default/production\ECU_3.X.production.cmf -z -Q18F4580 \
  -oC:\Users\Hp\AppData\Local\Temp\xcAs3e8.\driver_tmp_3.o \
  --defsym=__MPLAB_BUILD=1 --fixupoverflow=error \
  -Mdist/default/production/ECU_3.X.production.map \
  --md=C:\Users\Hp\AppData\Local\Temp\xcAs3e8.\driver_tmp_0.dat -E1 \
  -ver=XC8 Compiler -ACODE=00h-03000h -ACONST=00h-03000h \
  -ASMALLCONST=0600h-06FFhx42,03000h-03000h -AMEDIUMCONST=0600h-03000h \
  -ACOMRAM=01h-05Fh -AABS1=00h-05FFh -ABIGRAM=01h-05FFh \
  -ARAM=060h-0FFh,0100h-01FFhx5 -ABANK0=060h-0FFh -ABANK1=0100h-01FFh \
  -ABANK2=0200h-02FFh -ABANK3=0300h-03FFh -ABANK4=0400h-04FFh \
  -ABANK5=0500h-05FFh -ASFR=0D00h-0DFFhx2,0F00h-0F5Fh,0F60h-0FFFh \
  -ABIGSFR=0D00h-0FFFh -ACONFIG=0300000h-030000Dh -AIDLOC=0200000h-0200007h \
  -AEEDATA=0F00000h-0F000FFh -peeprom_data=EEDATA \
  -preset_vec=00h,intcode=8h,intcodelo=18h,sivt_lo,sivt_hi=CODE \
  -ppowerup=CODE,init -pramtop=0600h -psmallconst=SMALLCONST \
  -pmediumconst=MEDIUMCONST -pconst=CONST -AFARRAM=00h-00h \
  -prdata=COMRAM,nvrram=COMRAM,nvbit=COMRAM,rbss=COMRAM,rbit=COMRAM \
  -pfarbss=FARRAM,fardata=FARRAM,nvFARRAM=FARRAM \
  -pintsave_regs=BIGRAM,bigbss=BIGRAM,bigdata=BIGRAM -pbss=RAM \
  -pidata=CODE,irdata=CODE,ibigdata=CODE,ifardata=CODE -prparam=COMRAM \
  C:\Users\Hp\AppData\Local\Temp\xcAs3e8.\driver_tmp_9.o \
  dist/default/production\ECU_3.X.production.o 

Object code version is 3.11

Machine type is 18F4580



                Name                               Link     Load   Length Selector   Space Scale
C:\Users\Hp\AppData\Local\Temp\xcAs3e8.\driver_tmp_9.o
                idloc                            200000   200000        8        0       5
                config                           300000   300000        E        0       4
                init                               2FFC     2FFC        4     17FE       0
                reset_vec                             0        0        4        0       0
dist/default/production\ECU_3.X.production.o
                idloc                            200000   200000        8        0       5
                config                           300000   300000        E        0       4
                mediumconst                        2FCE     2FCE       2E     17E7       0
                text11                             2784     2784       3A     13C2       0
                text10                             28A0     28A0       92     1450       0
                text9                              27BE     27BE       3A     13DF       0
                text8                              2834     2834       6C     141A       0
                text7                              2736     2736       18     139B       0
                text6                              27F8     27F8       3C     13FC       0
                text5                              2932     2932       A6     1499       0
                text4                              2728     2728        E     1394       0
                text3                              2A86     2A86       C2     1543       0
                text2                              29D8     29D8       AE     14EC       0
                text1                              2B48     2B48      108     15A4       0
                text0                              2C50     2C50      37E     1628       0
                cstackCOMRAM                          1        1       30        1       1
                dataCOMRAM                           3A       3A        8        1       1
                bssCOMRAM                            31       31        9        1       1
                cinit                              274E     274E       36     13A7       0
                idataCOMRAM                        2720     2720        8     2720       0

TOTAL           Name                               Link     Load   Length     Space
        CLASS   CODE           
                init                               2FFC     2FFC        4         0
                reset_vec                             0        0        4         0
                text11                             2784     2784       3A         0
                text10                             28A0     28A0       92         0
                text9                              27BE     27BE       3A         0
                text8                              2834     2834       6C         0
                text7                              2736     2736       18         0
                text6                              27F8     27F8       3C         0
                text5                              2932     2932       A6         0
                text4                              2728     2728        E         0
                text3                              2A86     2A86       C2         0
                text2                              29D8     29D8       AE         0
                text1                              2B48     2B48      108         0
                text0                              2C50     2C50      37E         0
                cinit                              274E     274E       36         0
                idataCOMRAM                        2720     2720        8         0

        CLASS   CONST          

        CLASS   SMALLCONST     

        CLASS   MEDIUMCONST    
                mediumconst                        2FCE     2FCE       2E         0

        CLASS   COMRAM         
                cstackCOMRAM                          1        1       30         1
                dataCOMRAM                           3A       3A        8         1
                bssCOMRAM                            31       31        9         1

        CLASS   ABS1           

        CLASS   BIGRAM         

        CLASS   RAM            

        CLASS   BANK0          

        CLASS   BANK1          

        CLASS   BANK2          

        CLASS   BANK3          

        CLASS   BANK4          

        CLASS   BANK5          

        CLASS   SFR            

        CLASS   BIGSFR         

        CLASS   CONFIG         
                config                           300000   300000        E         4

        CLASS   IDLOC          
                idloc                            200000   200000        8         5

        CLASS   EEDATA         

        CLASS   FARRAM         

        CLASS   HEAP           

        CLASS   STACK          



SEGMENTS        Name                           Load    Length   Top    Selector   Space  Class

                reset_vec                      000000  000004  000004         0       0  CODE    
                cstackCOMRAM                   000001  000041  000042         1       1  COMRAM  
                idataCOMRAM                    002720  000008  002728      2720       0  CODE    
                text4                          002728  00000E  002736      1394       0  CODE    
                text7                          002736  000018  00274E      139B       0  CODE    
                cinit                          00274E  000036  002784      13A7       0  CODE    
                text11                         002784  00003A  0027BE      13C2       0  CODE    
                text9                          0027BE  00003A  0027F8      13DF       0  CODE    
                text6                          0027F8  00003C  002834      13FC       0  CODE    
                text8                          002834  00006C  0028A0      141A       0  CODE    
                text10                         0028A0  000092  002932      1450       0  CODE    
                text5                          002932  0000A6  0029D8      1499       0  CODE    
                text2                          0029D8  0000AE  002A86      14EC       0  CODE    
                text3                          002A86  0000C2  002B48      1543       0  CODE    
                text1                          002B48  000108  002C50      15A4       0  CODE    
                text0                          002C50  00037E  002FCE      1628       0  CODE    
                mediumconst                    002FCE  00002E  002FFC      17E7       0  MEDIUMCO
                init                           002FFC  000004  003000      17FE       0  CODE    


UNUSED ADDRESS RANGES

        Name                Unused          Largest block    Delta
        BANK0            000060-0000FF               A0
        BANK1            000100-0001FF              100
        BANK2            000200-0002FF              100
        BANK3            000300-0003FF              100
        BANK4            000400-0004FF              100
        BANK5            000500-0005FF              100
        BIGRAM           000042-0005FF              5BE
        BIGSFR           000D00-000FFF              300
        CODE             000004-00271F             271C
                         003000-003000                1
        COMRAM           000042-00005F               1E
        CONST            000004-00271F             271C
                         003000-003000                1
        EEDATA           F00000-F000FF              100
        MEDIUMCONST      000600-00271F             2120
                         003000-003000                1
        RAM              000060-0005FF              100
        SFR              000D00-000FFF              100
        SMALLCONST       000600-00271F              100
                         003000-003000                1

                                  Symbol Table

?___awdiv                cstackCOMRAM 000001
?___awmod                cstackCOMRAM 000001
?_get_msg_id_std         cstackCOMRAM 000001
_BRGCON1                 (abs)        000F70
_BRGCON2                 (abs)        000F71
_BRGCON3                 (abs)        000F72
_CANCON                  (abs)        000F6F
_CANSTAT                 (abs)        000F6E
_ECANCON                 (abs)        000F77
_PORTB                   (abs)        000F81
_PORTD                   (abs)        000F83
_RC0                     (abs)        007C10
_RC1                     (abs)        007C11
_RC2                     (abs)        007C12
_RD7                     (abs)        007C1F
_RXB0CON                 (abs)        000F60
_RXB0CONbits             (abs)        000F60
_RXB0D0                  (abs)        000F66
_RXB0DLC                 (abs)        000F65
_RXB0FUL                 (abs)        007B07
_RXB0IF                  (abs)        007D20
_RXB0SIDH                (abs)        000F61
_RXB0SIDL                (abs)        000F62
_RXFCON0                 (abs)        000DD4
_TRISB                   (abs)        000F93
_TRISB2                  (abs)        007C9A
_TRISB3                  (abs)        007C9B
_TRISC                   (abs)        000F94
_TRISD                   (abs)        000F95
_TRISD7                  (abs)        007CAF
_TXB0D0                  (abs)        000F46
_TXB0DLC                 (abs)        000F45
_TXB0EIDH                (abs)        000F43
_TXB0EIDL                (abs)        000F44
_TXB0REQ                 (abs)        007A03
_TXB0SIDH                (abs)        000F41
_TXB0SIDL                (abs)        000F42
__HRAM                   (abs)        000000
__H__absolute__          __absolute__ 000000
__Habs1                  abs1         000000
__Hbank0                 bank0        000000
__Hbank1                 bank1        000000
__Hbank2                 bank2        000000
__Hbank3                 bank3        000000
__Hbank4                 bank4        000000
__Hbank5                 bank5        000000
__Hbigbss                bigbss       000000
__Hbigdata               bigdata      000000
__Hbigram                bigram       000000
__Hbigsfr                bigsfr       000000
__Hbss                   bss          000000
__HbssCOMRAM             bssCOMRAM    000000
__Hcinit                 cinit        000000
__Hclrtext               clrtext      000000
__Hcomram                comram       000000
__Hconfig                config       30000E
__Hconst                 const        000000
__HcstackCOMRAM          cstackCOMRAM 000000
__Hdata                  data         000000
__HdataCOMRAM            dataCOMRAM   000000
__Heeprom_data           eeprom_data  000000
__Hfarbss                farbss       000000
__Hfardata               fardata      000000
__Hheap                  heap         000000
__Hibigdata              ibigdata     000000
__Hidata                 idata        000000
__HidataCOMRAM           idataCOMRAM  000000
__Hidloc                 idloc        200008
__Hifardata              ifardata     000000
__Hinit                  init         003000
__Hintcode               intcode      000008
__Hintcode_body          intcode_body 000000
__Hintcodelo             intcodelo    000018
__Hintentry              intentry     000000
__Hintret                intret       000000
__Hintsave_regs          intsave_regs 000000
__Hirdata                irdata       000000
__Hmediumconst           mediumconst  002FFC
__HnvFARRAM              nvFARRAM     000000
__Hnvbit                 nvbit        000000
__Hnvrram                nvrram       000000
__Hparam                 rparam       000000
__Hpowerup               powerup      000000
__Hram                   ram          000000
__Hramtop                ramtop       000600
__Hrbit                  rbit         000000
__Hrbss                  rbss         000000
__Hrdata                 rdata        000000
__Hreset_vec             reset_vec    000004
__Hrparam                rparam       000000
__Hsfr                   sfr          000000
__Hsivt_hi               sivt_hi      000000
__Hsivt_lo               sivt_lo      000018
__Hsmallconst            smallconst   000000
__Hspace_0               (abs)        003000
__Hspace_1               (abs)        000042
__Hspace_2               (abs)        000000
__Hspace_4               (abs)        60000E
__Hstack                 stack        000000
__Hstruct                struct       000000
__Htemp                  temp         000000
__Htext                  text         000000
__Htext0                 text0        000000
__Htext1                 text1        000000
__Htext10                text10       000000
__Htext11                text11       000000
__Htext2                 text2        000000
__Htext3                 text3        000000
__Htext4                 text4        000000
__Htext5                 text5        000000
__Htext6                 text6        000000
__Htext7                 text7        000000
__Htext8                 text8        000000
__Htext9                 text9        000000
__LRAM                   (abs)        000001
__L__absolute__          __absolute__ 000000
__Labs1                  abs1         000000
__Lbank0                 bank0        000000
__Lbank1                 bank1        000000
__Lbank2                 bank2        000000
__Lbank3                 bank3        000000
__Lbank4                 bank4        000000
__Lbank5                 bank5        000000
__Lbigbss                bigbss       000000
__Lbigdata               bigdata      000000
__Lbigram                bigram       000000
__Lbigsfr                bigsfr       000000
__Lbss                   bss          000000
__LbssCOMRAM             bssCOMRAM    000000
__Lcinit                 cinit        000000
__Lclrtext               clrtext      000000
__Lcomram                comram       000000
__Lconfig                config       000000
__Lconst                 const        000000
__LcstackCOMRAM          cstackCOMRAM 000000
__Ldata                  data         000000
__LdataCOMRAM            dataCOMRAM   000000
__Leeprom_data           eeprom_data  000000
__Lfarbss                farbss       000000
__Lfardata               fardata      000000
__Lheap                  heap         000000
__Libigdata              ibigdata     000000
__Lidata                 idata        000000
__LidataCOMRAM           idataCOMRAM  000000
__Lidloc                 idloc        000000
__Lifardata              ifardata     000000
__Linit                  init         002FFC
__Lintcode               intcode      000008
__Lintcode_body          intcode_body 000000
__Lintcodelo             intcodelo    000018
__Lintentry              intentry     000000
__Lintret                intret       000000
__Lintsave_regs          intsave_regs 000000
__Lirdata                irdata       000000
__Lmediumconst           mediumconst  002FCE
__LnvFARRAM              nvFARRAM     000000
__Lnvbit                 nvbit        000000
__Lnvrram                nvrram       000000
__Lparam                 rparam       000000
__Lpowerup               powerup      000000
__Lram                   ram          000000
__Lramtop                ramtop       000600
__Lrbit                  rbit         000000
__Lrbss                  rbss         000000
__Lrdata                 rdata        000000
__Lreset_vec             reset_vec    000000
__Lrparam                rparam       000000
__Lsfr                   sfr          000000
__Lsivt_hi               sivt_hi      000000
__Lsivt_lo               sivt_lo      000018
__Lsmallconst            smallconst   000000
__Lspace_0               (abs)        000000
__Lspace_1               (abs)        000000
__Lspace_2               (abs)        000000
__Lspace_4               (abs)        000000
__Lstack                 stack        000000
__Lstruct                struct       000000
__Ltemp                  temp         000000
__Ltext                  text         000000
__Ltext0                 text0        000000
__Ltext1                 text1        000000
__Ltext10                text10       000000
__Ltext11                text11       000000
__Ltext2                 text2        000000
__Ltext3                 text3        000000
__Ltext4                 text4        000000
__Ltext5                 text5        000000
__Ltext6                 text6        000000
__Ltext7                 text7        000000
__Ltext8                 text8        000000
__Ltext9                 text9        000000
__S0                     (abs)        003000
__S1                     (abs)        000042
__S4                     (abs)        000000
__S5                     (abs)        000000
___awdiv                 text3        002A86
___awdiv@counter         cstackCOMRAM 000005
___awdiv@dividend        cstackCOMRAM 000001
___awdiv@divisor         cstackCOMRAM 000003
___awdiv@quotient        cstackCOMRAM 000007
___awdiv@sign            cstackCOMRAM 000006
___awmod                 text2        0029D8
___awmod@counter         cstackCOMRAM 000005
___awmod@dividend        cstackCOMRAM 000001
___awmod@divisor         cstackCOMRAM 000003
___awmod@sign            cstackCOMRAM 000006
___heap_hi               (abs)        000000
___heap_lo               (abs)        000000
___inthi_sp              stack        000000
___inthi_stack_hi        stack        000000
___inthi_stack_lo        stack        000000
___intlo_sp              stack        000000
___intlo_stack_hi        stack        000000
___intlo_stack_lo        stack        000000
___param_bank            (abs)        000000
___rparam_used           (abs)        000001
___sp                    stack        000000
___stack_hi              stack        000000
___stack_lo              stack        000000
__accesstop              (abs)        000060
__activetblptr           (abs)        000002
__end_of___awdiv         text3        002B48
__end_of___awmod         text2        002A86
__end_of__initialization cinit        00277A
__end_of_can_receive     text10       002932
__end_of_clcd_print      text8        0028A0
__end_of_clcd_putch      text7        00274E
__end_of_clcd_write      text9        0027F8
__end_of_get_msg_id_std  text11       0027BE
__end_of_init_can        text6        002834
__end_of_init_clcd       text5        0029D8
__end_of_init_config     text4        002736
__end_of_itoa            text1        002C50
__end_of_main            text0        002FCE
__initialization         cinit        00274E
__mediumconst            mediumconst  002FCE
__pbssCOMRAM             bssCOMRAM    000031
__pcinit                 cinit        00274E
__pcstackCOMRAM          cstackCOMRAM 000001
__pdataCOMRAM            dataCOMRAM   00003A
__pidataCOMRAM           idataCOMRAM  002720
__pmediumconst           mediumconst  002FCE
__ptext0                 text0        002C50
__ptext1                 text1        002B48
__ptext10                text10       0028A0
__ptext11                text11       002784
__ptext2                 text2        0029D8
__ptext3                 text3        002A86
__ptext4                 text4        002728
__ptext5                 text5        002932
__ptext6                 text6        0027F8
__ptext7                 text7        002736
__ptext8                 text8        002834
__ptext9                 text9        0027BE
__ramtop                 ramtop       000600
__smallconst             mediumconst  002FCE
_can_receive             text10       0028A0
_clcd_print              text8        002834
_clcd_putch              text7        002736
_clcd_write              text9        0027BE
_get_msg_id_std          text11       002784
_init_can                text6        0027F8
_init_clcd               text5        002932
_init_config             text4        002728
_itoa                    text1        002B48
_main                    text0        002C50
_str                     dataCOMRAM   00003A
can_receive@data         cstackCOMRAM 00000A
can_receive@i            cstackCOMRAM 000011
can_receive@len          cstackCOMRAM 00000B
can_receive@msg_id       cstackCOMRAM 000009
can_receive@ptr          cstackCOMRAM 00000F
clcd_print@addr          cstackCOMRAM 000005
clcd_print@data          cstackCOMRAM 000003
clcd_putch@addr          cstackCOMRAM 000003
clcd_putch@data          cstackCOMRAM 000004
clcd_write@byte          cstackCOMRAM 000002
clcd_write@control_bit   cstackCOMRAM 000001
end_of_initialization    cinit        00277A
get_msg_id_std@id        cstackCOMRAM 000007
intlevel0                text         000000
intlevel1                text         000000
intlevel2                text         000000
intlevel3                text         000000
isa$std                  (abs)        000001
isa$xinst                (abs)        000000
itoa@i                   cstackCOMRAM 000011
itoa@index               cstackCOMRAM 00000F
itoa@str                 cstackCOMRAM 00000B
itoa@temp                cstackCOMRAM 00000D
itoa@value               cstackCOMRAM 000009
main@buff                cstackCOMRAM 000023
main@buff_87             cstackCOMRAM 00001E
main@button              cstackCOMRAM 000030
main@data                cstackCOMRAM 000015
main@delay               cstackCOMRAM 000028
main@length              cstackCOMRAM 000022
main@msg_id              cstackCOMRAM 00002C
main@prev_ind            cstackCOMRAM 00001D
main@rpm                 cstackCOMRAM 00002E
main@speed               cstackCOMRAM 00002A
stackhi                  (abs)        000000
stacklo                  (abs)        000000
start                    init         002FFC
start_initialization     cinit        00274E


MODULE INFORMATION

Module		Function		Class		Link	Load	Size
C:\Program Files\Microchip\xc8\v3.00\pic\sources\c99\common\awmod.c
		___awmod       		CODE           	29D8	0000	174

C:\Program Files\Microchip\xc8\v3.00\pic\sources\c99\common\awmod.c estimated size: 174

shared
		__initialization		CODE           	274E	0000	44

shared estimated size: 44

clcd.c
		_clcd_write    		CODE           	27BE	0000	58
		_clcd_print    		CODE           	2834	0000	108
		_clcd_putch    		CODE           	2736	0000	24
		_init_clcd     		CODE           	2932	0000	166

clcd.c estimated size: 356

can.c
		_init_can      		CODE           	27F8	0000	60
		_can_receive   		CODE           	28A0	0000	146
		_get_msg_id_std		CODE           	2784	0000	58

can.c estimated size: 264

C:\Program Files\Microchip\xc8\v3.00\pic\sources\c99\common\awdiv.c
		___awdiv       		CODE           	2A86	0000	194

C:\Program Files\Microchip\xc8\v3.00\pic\sources\c99\common\awdiv.c estimated size: 194

main.c
		_main          		CODE           	2C50	0000	894
		_itoa          		CODE           	2B48	0000	264
		_init_config   		CODE           	2728	0000	14

main.c estimated size: 1172

